// Jest Snapshot v1, https://goo.gl/fbAQLP

exports[`Element have to match default Element snapshot 1`] = `
<ForwardRef
  class="class"
  className="className"
  css="css"
  internalClass="internalClass"
  is="p"
  skeleton="skeleton"
  skeleton_method="skeleton_method"
>
  <ElementInstance
    class="class"
    className="className"
    css="css"
    inner_ref={null}
    internalClass="internalClass"
    is="p"
    skeleton="skeleton"
    skeleton_method="skeleton_method"
  >
    <p
      className="className class css internalClass"
    >
      text
    </p>
  </ElementInstance>
</ForwardRef>
`;
